// Jest Snapshot v1, https://goo.gl/fbAQLP

exports[`NameCardsList should render without crash when nameCards 1`] = `
<div
  class="sc-bdVaJa eYASFs"
>
  <div
    class="sc-EHOje ipTDYQ"
  >
    <ul
      class="list-group list-group-flush"
    >
      <li
        class="list-group-item"
      >
        <span
          class="sc-bwzfXH dfOYoI"
        >
          First name
        </span>
        <span
          class="sc-htpNat cDRxNX"
        >
          test
        </span>
      </li>
      <li
        class="list-group-item"
      >
        <span
          class="sc-bwzfXH dfOYoI"
        >
          Last name
        </span>
        <span
          class="sc-htpNat cDRxNX"
        >
          test
        </span>
      </li>
      <li
        class="list-group-item"
      >
        <span
          class="sc-bwzfXH dfOYoI"
        >
          Date of birrth
        </span>
        <span
          class="sc-htpNat cDRxNX"
        >
          2019/01/01
        </span>
      </li>
    </ul>
    <div
      class="sc-ifAKCX cisiRd"
    >
      <button
        class="sc-bxivhb bNOZcI btn btn-primary"
        type="button"
      >
        Edit
      </button>
      <button
        class="sc-bxivhb bNOZcI btn btn-danger"
        type="button"
      >
        Delete
      </button>
    </div>
  </div>
</div>
`;

exports[`NameCardsList should render without crash when nameCards list is empty 1`] = `
<div>
  No cards
</div>
`;

exports[`NameCardsList should render without crash when nameCards list is null 1`] = `
<div>
  No cards
</div>
`;
