// Jest Snapshot v1, https://goo.gl/fbAQLP

exports[`AppNav should render without crash 1`] = `
<div
  class="sc-ifAKCX plnT"
>
  <ul
    class="list-group list-group-flush"
  >
    <li
      class="list-group-item"
    >
      <span
        class="sc-bdVaJa dlUoII"
      >
        First name
      </span>
      <span
        class="sc-bwzfXH gaDNSi"
      >
        test
      </span>
    </li>
    <li
      class="list-group-item"
    >
      <span
        class="sc-bdVaJa dlUoII"
      >
        Last name
      </span>
      <span
        class="sc-bwzfXH gaDNSi"
      >
        test
      </span>
    </li>
    <li
      class="list-group-item"
    >
      <span
        class="sc-bdVaJa dlUoII"
      >
        Date of birrth
      </span>
      <span
        class="sc-bwzfXH gaDNSi"
      >
        2019-01-01
      </span>
    </li>
  </ul>
  <div
    class="sc-bxivhb jcdCai"
  >
    <button
      class="sc-htpNat eZpMOu btn btn-primary"
      type="button"
    >
      Edit
    </button>
    <button
      class="sc-htpNat eZpMOu btn btn-danger"
      type="button"
    >
      Delete
    </button>
  </div>
</div>
`;
